../Core/Src/main.c:90:5:main	8	static
../Core/Src/main.c:174:6:SystemClock_Config	96	static
../Core/Src/main.c:224:13:MX_ADC1_Init	24	static
../Core/Src/main.c:300:13:MX_USART2_UART_Init	8	static
../Core/Src/main.c:335:13:MX_GPIO_Init	48	static
../Core/Src/main.c:368:6:ADC_Select_CH1	32	static
../Core/Src/main.c:383:6:ADC_Select_CH2	32	static
../Core/Src/main.c:406:6:StartTaskADC_IN1	16	static
../Core/Src/main.c:436:6:StartTaskADC_IN2	16	static
../Core/Src/main.c:462:6:HAL_TIM_PeriodElapsedCallback	16	static
../Core/Src/main.c:479:6:Error_Handler	4	static,ignoring_inline_asm
