../Core/Src/main.c:95:5:bufsize	24	static
../Core/Src/main.c:102:6:clear_buffer	16	static
../Core/Src/main.c:107:6:send_uart	24	static
../Core/Src/main.c:119:5:main	8	static
../Core/Src/main.c:196:6:SystemClock_Config	232	static
../Core/Src/main.c:261:13:MX_ADC1_Init	48	static
../Core/Src/main.c:325:13:MX_I2C1_Init	8	static
../Core/Src/main.c:371:13:MX_SPI2_Init	8	static
../Core/Src/main.c:411:13:MX_USART2_UART_Init	8	static
../Core/Src/main.c:446:13:MX_GPIO_Init	48	static
../Core/Src/main.c:482:6:Error_Handler	4	static
