../Core/Src/main.c:95:5:bufsize	24	static
../Core/Src/main.c:102:6:clear_buffer	16	static
../Core/Src/main.c:107:6:send_uart	24	static
../Core/Src/main.c:119:5:main	8	static
../Core/Src/main.c:196:6:SystemClock_Config	96	static
../Core/Src/main.c:246:13:MX_ADC1_Init	48	static
../Core/Src/main.c:313:13:MX_I2C1_Init	8	static
../Core/Src/main.c:361:13:MX_SPI2_Init	8	static
../Core/Src/main.c:401:13:MX_USART2_UART_Init	8	static
../Core/Src/main.c:436:13:MX_GPIO_Init	48	static
../Core/Src/main.c:476:6:Error_Handler	4	static
